// Jest Snapshot v1, https://goo.gl/fbAQLP

exports[`<App /> should render and match the snapshot 1`] = `
<React.Fragment>
  <MessageDialogContainer />
  <Switch>
    <Route
      component={[Function]}
      exact={true}
      path="/"
    />
    <Route
      component={[Function]}
      path="/band/:bandId"
    />
    <Route
      component={[Function]}
      path="/album/:albumId"
    />
  </Switch>
</React.Fragment>
`;
